Archive member included because of file (symbol)

d:/imt_sdk_win_64/winavr/bin/../lib/gcc/avr/4.3.3/avr5\libgcc.a(_exit.o)
                              d:/imt_sdk_win_64/winavr/bin/../lib/gcc/avr/4.3.3/../../../../avr/lib/avr5/crtm32.o (exit)
d:/imt_sdk_win_64/winavr/bin/../lib/gcc/avr/4.3.3/avr5\libgcc.a(_copy_data.o)
                              ./timers_program.o (__do_copy_data)
d:/imt_sdk_win_64/winavr/bin/../lib/gcc/avr/4.3.3/avr5\libgcc.a(_clear_bss.o)
                              ./timers_program.o (__do_clear_bss)

Memory Configuration

Name             Origin             Length             Attributes
text             0x00000000         0x00020000         xr
data             0x00800060         0x0000ffa0         rw !x
eeprom           0x00810000         0x00010000         rw !x
fuse             0x00820000         0x00000400         rw !x
lock             0x00830000         0x00000400         rw !x
signature        0x00840000         0x00000400         rw !x
*default*        0x00000000         0xffffffff

Linker script and memory map

LOAD d:/imt_sdk_win_64/winavr/bin/../lib/gcc/avr/4.3.3/../../../../avr/lib/avr5/crtm32.o
LOAD ./dio_program.o
LOAD ./led_program.o
LOAD ./main.o
LOAD ./timers_program.o
LOAD d:/imt_sdk_win_64/winavr/bin/../lib/gcc/avr/4.3.3/avr5\libgcc.a
LOAD d:/imt_sdk_win_64/winavr/bin/../lib/gcc/avr/4.3.3/../../../../avr/lib/avr5\libc.a
LOAD d:/imt_sdk_win_64/winavr/bin/../lib/gcc/avr/4.3.3/avr5\libgcc.a

.hash
 *(.hash)

.dynsym
 *(.dynsym)

.dynstr
 *(.dynstr)

.gnu.version
 *(.gnu.version)

.gnu.version_d
 *(.gnu.version_d)

.gnu.version_r
 *(.gnu.version_r)

.rel.init
 *(.rel.init)

.rela.init
 *(.rela.init)

.rel.text
 *(.rel.text)
 *(.rel.text.*)
 *(.rel.gnu.linkonce.t*)

.rela.text
 *(.rela.text)
 *(.rela.text.*)
 *(.rela.gnu.linkonce.t*)

.rel.fini
 *(.rel.fini)

.rela.fini
 *(.rela.fini)

.rel.rodata
 *(.rel.rodata)
 *(.rel.rodata.*)
 *(.rel.gnu.linkonce.r*)

.rela.rodata
 *(.rela.rodata)
 *(.rela.rodata.*)
 *(.rela.gnu.linkonce.r*)

.rel.data
 *(.rel.data)
 *(.rel.data.*)
 *(.rel.gnu.linkonce.d*)

.rela.data
 *(.rela.data)
 *(.rela.data.*)
 *(.rela.gnu.linkonce.d*)

.rel.ctors
 *(.rel.ctors)

.rela.ctors
 *(.rela.ctors)

.rel.dtors
 *(.rel.dtors)

.rela.dtors
 *(.rela.dtors)

.rel.got
 *(.rel.got)

.rela.got
 *(.rela.got)

.rel.bss
 *(.rel.bss)

.rela.bss
 *(.rela.bss)

.rel.plt
 *(.rel.plt)

.rela.plt
 *(.rela.plt)

.text           0x00000000     0x174c
 *(.vectors)
 .vectors       0x00000000       0x54 d:/imt_sdk_win_64/winavr/bin/../lib/gcc/avr/4.3.3/../../../../avr/lib/avr5/crtm32.o
                0x00000000                __vectors
                0x00000000                __vector_default
 *(.vectors)
 *(.progmem.gcc*)
 *(.progmem*)
                0x00000054                . = ALIGN (0x2)
                0x00000054                __trampolines_start = .
 *(.trampolines)
 .trampolines   0x00000054        0x0 linker stubs
 *(.trampolines*)
                0x00000054                __trampolines_end = .
 *(.jumptables)
 *(.jumptables*)
 *(.lowtext)
 *(.lowtext*)
                0x00000054                __ctors_start = .
 *(.ctors)
                0x00000054                __ctors_end = .
                0x00000054                __dtors_start = .
 *(.dtors)
                0x00000054                __dtors_end = .
 SORT(*)(.ctors)
 SORT(*)(.dtors)
 *(.init0)
 .init0         0x00000054        0x0 d:/imt_sdk_win_64/winavr/bin/../lib/gcc/avr/4.3.3/../../../../avr/lib/avr5/crtm32.o
                0x00000054                __init
 *(.init0)
 *(.init1)
 *(.init1)
 *(.init2)
 .init2         0x00000054        0xc d:/imt_sdk_win_64/winavr/bin/../lib/gcc/avr/4.3.3/../../../../avr/lib/avr5/crtm32.o
 *(.init2)
 *(.init3)
 *(.init3)
 *(.init4)
 .init4         0x00000060       0x16 d:/imt_sdk_win_64/winavr/bin/../lib/gcc/avr/4.3.3/avr5\libgcc.a(_copy_data.o)
                0x00000060                __do_copy_data
 .init4         0x00000076       0x10 d:/imt_sdk_win_64/winavr/bin/../lib/gcc/avr/4.3.3/avr5\libgcc.a(_clear_bss.o)
                0x00000076                __do_clear_bss
 *(.init4)
 *(.init5)
 *(.init5)
 *(.init6)
 *(.init6)
 *(.init7)
 *(.init7)
 *(.init8)
 *(.init8)
 *(.init9)
 .init9         0x00000086        0x8 d:/imt_sdk_win_64/winavr/bin/../lib/gcc/avr/4.3.3/../../../../avr/lib/avr5/crtm32.o
 *(.init9)
 *(.text)
 .text          0x0000008e        0x4 d:/imt_sdk_win_64/winavr/bin/../lib/gcc/avr/4.3.3/../../../../avr/lib/avr5/crtm32.o
                0x0000008e                __vector_1
                0x0000008e                __vector_12
                0x0000008e                __bad_interrupt
                0x0000008e                __vector_6
                0x0000008e                __vector_3
                0x0000008e                __vector_13
                0x0000008e                __vector_17
                0x0000008e                __vector_19
                0x0000008e                __vector_7
                0x0000008e                __vector_5
                0x0000008e                __vector_4
                0x0000008e                __vector_9
                0x0000008e                __vector_2
                0x0000008e                __vector_15
                0x0000008e                __vector_8
                0x0000008e                __vector_14
                0x0000008e                __vector_16
                0x0000008e                __vector_18
                0x0000008e                __vector_20
 .text          0x00000092        0x0 ./dio_program.o
 .text          0x00000092        0x0 ./led_program.o
 .text          0x00000092        0x0 ./main.o
 .text          0x00000092        0x0 ./timers_program.o
 .text          0x00000092        0x0 d:/imt_sdk_win_64/winavr/bin/../lib/gcc/avr/4.3.3/avr5\libgcc.a(_exit.o)
 .text          0x00000092        0x0 d:/imt_sdk_win_64/winavr/bin/../lib/gcc/avr/4.3.3/avr5\libgcc.a(_copy_data.o)
 .text          0x00000092        0x0 d:/imt_sdk_win_64/winavr/bin/../lib/gcc/avr/4.3.3/avr5\libgcc.a(_clear_bss.o)
                0x00000092                . = ALIGN (0x2)
 *(.text.*)
 .text.DIO_u8SetPinVal
                0x00000092      0x214 ./dio_program.o
                0x00000092                DIO_u8SetPinVal
 .text.DIO_u8SetPinDir
                0x000002a6      0x214 ./dio_program.o
                0x000002a6                DIO_u8SetPinDir
 .text.DIO_u8SetPortVal
                0x000004ba       0x94 ./dio_program.o
                0x000004ba                DIO_u8SetPortVal
 .text.DIO_u8SetPortDir
                0x0000054e       0x94 ./dio_program.o
                0x0000054e                DIO_u8SetPortDir
 .text.DIO_u8GetPinVal
                0x000005e2      0x128 ./dio_program.o
                0x000005e2                DIO_u8GetPinVal
 .text.DIO_u8GetPortVal
                0x0000070a       0xa8 ./dio_program.o
                0x0000070a                DIO_u8GetPortVal
 .text.DIO_u8TogPinVal
                0x000007b2      0x11a ./dio_program.o
                0x000007b2                DIO_u8TogPinVal
 .text.DIO_voidDisablePullUps
                0x000008cc       0x1c ./dio_program.o
                0x000008cc                DIO_voidDisablePullUps
 .text.DIO_voidEnablePullUps
                0x000008e8       0x1c ./dio_program.o
                0x000008e8                DIO_voidEnablePullUps
 .text.LED_voidInit
                0x00000904       0x5e ./led_program.o
                0x00000904                LED_voidInit
 .text.LED_u8On
                0x00000962       0x38 ./led_program.o
                0x00000962                LED_u8On
 .text.LED_u8Off
                0x0000099a       0x38 ./led_program.o
                0x0000099a                LED_u8Off
 .text.LED_u8Tog
                0x000009d2       0x36 ./led_program.o
                0x000009d2                LED_u8Tog
 .text.main     0x00000a08       0x86 ./main.o
                0x00000a08                main
 .text.TIMERS_voidInit
                0x00000a8e       0x7e ./timers_program.o
                0x00000a8e                TIMERS_voidInit
 .text.TIMER0_u8StartWithclockAndPrescalerSelect
                0x00000b0c      0x1c0 ./timers_program.o
                0x00000b0c                TIMER0_u8StartWithclockAndPrescalerSelect
 .text.TIMER0_voidstop
                0x00000ccc       0x38 ./timers_program.o
                0x00000ccc                TIMER0_voidstop
 .text.TIMERS_u8ClearIntFlag
                0x00000d04       0x64 ./timers_program.o
                0x00000d04                TIMERS_u8ClearIntFlag
 .text.TIMERS_u8GetIntFlag
                0x00000d68       0x70 ./timers_program.o
                0x00000d68                TIMERS_u8GetIntFlag
 .text.TIMERS_u8IntModesEn
                0x00000dd8       0x80 ./timers_program.o
                0x00000dd8                TIMERS_u8IntModesEn
 .text.TIMERS_u8IntModesDis
                0x00000e58       0x64 ./timers_program.o
                0x00000e58                TIMERS_u8IntModesDis
 .text.Timer0_u8setOverFlowRegTicksBeforeOV
                0x00000ebc       0x2e ./timers_program.o
                0x00000ebc                Timer0_u8setOverFlowRegTicksBeforeOV
 .text.Timer0_u8setCompareRegTicksBeforeOV
                0x00000eea       0x24 ./timers_program.o
                0x00000eea                Timer0_u8setCompareRegTicksBeforeOV
 .text.TIMER0_u8setCallBack
                0x00000f0e       0x76 ./timers_program.o
                0x00000f0e                TIMER0_u8setCallBack
 .text.__vector_10
                0x00000f84       0x66 ./timers_program.o
                0x00000f84                __vector_10
 .text.__vector_11
                0x00000fea       0x66 ./timers_program.o
                0x00000fea                __vector_11
 .text.TIMER0_u8BusyWait
                0x00001050      0x3d6 ./timers_program.o
                0x00001050                TIMER0_u8BusyWait
 .text.TIMER0_u8InterruptWait
                0x00001426       0xb8 ./timers_program.o
                0x00001426                TIMER0_u8InterruptWait
 .text.void_IntWaitControlFlagCount
                0x000014de      0x26a ./timers_program.o
                0x000014de                void_IntWaitControlFlagCount
 .text.libgcc   0x00001748        0x0 d:/imt_sdk_win_64/winavr/bin/../lib/gcc/avr/4.3.3/avr5\libgcc.a(_exit.o)
 .text.libgcc   0x00001748        0x0 d:/imt_sdk_win_64/winavr/bin/../lib/gcc/avr/4.3.3/avr5\libgcc.a(_copy_data.o)
 .text.libgcc   0x00001748        0x0 d:/imt_sdk_win_64/winavr/bin/../lib/gcc/avr/4.3.3/avr5\libgcc.a(_clear_bss.o)
                0x00001748                . = ALIGN (0x2)
 *(.fini9)
 .fini9         0x00001748        0x0 d:/imt_sdk_win_64/winavr/bin/../lib/gcc/avr/4.3.3/avr5\libgcc.a(_exit.o)
                0x00001748                exit
                0x00001748                _exit
 *(.fini9)
 *(.fini8)
 *(.fini8)
 *(.fini7)
 *(.fini7)
 *(.fini6)
 *(.fini6)
 *(.fini5)
 *(.fini5)
 *(.fini4)
 *(.fini4)
 *(.fini3)
 *(.fini3)
 *(.fini2)
 *(.fini2)
 *(.fini1)
 *(.fini1)
 *(.fini0)
 .fini0         0x00001748        0x4 d:/imt_sdk_win_64/winavr/bin/../lib/gcc/avr/4.3.3/avr5\libgcc.a(_exit.o)
 *(.fini0)
                0x0000174c                _etext = .

.data           0x00800060        0x2 load address 0x0000174c
                0x00800060                PROVIDE (__data_start, .)
 *(.data)
 .data          0x00800060        0x0 d:/imt_sdk_win_64/winavr/bin/../lib/gcc/avr/4.3.3/../../../../avr/lib/avr5/crtm32.o
 .data          0x00800060        0x0 ./dio_program.o
 .data          0x00800060        0x0 ./led_program.o
 .data          0x00800060        0x0 ./main.o
 .data          0x00800060        0x0 ./timers_program.o
 .data          0x00800060        0x0 d:/imt_sdk_win_64/winavr/bin/../lib/gcc/avr/4.3.3/avr5\libgcc.a(_exit.o)
 .data          0x00800060        0x0 d:/imt_sdk_win_64/winavr/bin/../lib/gcc/avr/4.3.3/avr5\libgcc.a(_copy_data.o)
 .data          0x00800060        0x0 d:/imt_sdk_win_64/winavr/bin/../lib/gcc/avr/4.3.3/avr5\libgcc.a(_clear_bss.o)
 *(.data*)
 .data.gu8_FinishIntWaitFlag
                0x00800060        0x1 ./timers_program.o
                0x00800060                gu8_FinishIntWaitFlag
 .data.gu8_FlagIfTimer0Used
                0x00800061        0x1 ./timers_program.o
 *(.rodata)
 *(.rodata*)
 *(.gnu.linkonce.d*)
                0x00800062                . = ALIGN (0x2)
                0x00800062                _edata = .
                0x00800062                PROVIDE (__data_end, .)

.bss            0x00800062        0xc
                0x00800062                PROVIDE (__bss_start, .)
 *(.bss)
 .bss           0x00800062        0x0 d:/imt_sdk_win_64/winavr/bin/../lib/gcc/avr/4.3.3/../../../../avr/lib/avr5/crtm32.o
 .bss           0x00800062        0x0 ./dio_program.o
 .bss           0x00800062        0x0 ./led_program.o
 .bss           0x00800062        0x0 ./main.o
 .bss           0x00800062        0x0 ./timers_program.o
 .bss           0x00800062        0x0 d:/imt_sdk_win_64/winavr/bin/../lib/gcc/avr/4.3.3/avr5\libgcc.a(_exit.o)
 .bss           0x00800062        0x0 d:/imt_sdk_win_64/winavr/bin/../lib/gcc/avr/4.3.3/avr5\libgcc.a(_copy_data.o)
 .bss           0x00800062        0x0 d:/imt_sdk_win_64/winavr/bin/../lib/gcc/avr/4.3.3/avr5\libgcc.a(_clear_bss.o)
 *(.bss*)
 .bss.Timer0CompareMatchSetCallBackISR
                0x00800062        0x2 ./timers_program.o
 .bss.Timer0OverFlowSetCallBackISR
                0x00800064        0x2 ./timers_program.o
 .bss.gu64_IntWaitcounter
                0x00800066        0x8 ./timers_program.o
 *(COMMON)
                0x0080006e                PROVIDE (__bss_end, .)
                0x0000174c                __data_load_start = LOADADDR (.data)
                0x0000174e                __data_load_end = (__data_load_start + SIZEOF (.data))

.noinit         0x0080006e        0x0
                0x0080006e                PROVIDE (__noinit_start, .)
 *(.noinit*)
                0x0080006e                PROVIDE (__noinit_end, .)
                0x0080006e                _end = .
                0x0080006e                PROVIDE (__heap_start, .)

.eeprom         0x00810000        0x0
 *(.eeprom*)
                0x00810000                __eeprom_end = .

.fuse
 *(.fuse)
 *(.lfuse)
 *(.hfuse)
 *(.efuse)

.lock
 *(.lock*)

.signature
 *(.signature*)

.stab           0x00000000     0x1914
 *(.stab)
 .stab          0x00000000      0x990 ./dio_program.o
 .stab          0x00000990      0x318 ./led_program.o
                                0x420 (size before relaxing)
 .stab          0x00000ca8      0x1b0 ./main.o
                                0x2b8 (size before relaxing)
 .stab          0x00000e58      0xabc ./timers_program.o
                                0xbc4 (size before relaxing)

.stabstr        0x00000000      0xae6
 *(.stabstr)
 .stabstr       0x00000000      0xae6 ./dio_program.o

.stab.excl
 *(.stab.excl)

.stab.exclstr
 *(.stab.exclstr)

.stab.index
 *(.stab.index)

.stab.indexstr
 *(.stab.indexstr)

.comment
 *(.comment)

.debug
 *(.debug)

.line
 *(.line)

.debug_srcinfo
 *(.debug_srcinfo)

.debug_sfnames
 *(.debug_sfnames)

.debug_aranges
 *(.debug_aranges)

.debug_pubnames
 *(.debug_pubnames)

.debug_info
 *(.debug_info)
 *(.gnu.linkonce.wi.*)

.debug_abbrev
 *(.debug_abbrev)

.debug_line
 *(.debug_line)

.debug_frame
 *(.debug_frame)

.debug_str
 *(.debug_str)

.debug_loc
 *(.debug_loc)

.debug_macinfo
 *(.debug_macinfo)
OUTPUT(Timer_tasks_busy_waiting.elf elf32-avr)
LOAD linker stubs
